// Jest Snapshot v1, https://goo.gl/fbAQLP

exports[`Testing the FAB component Should match to Snapshot 1`] = `<button class="btn btn-primary"><i class="fa fa-2x fa-plus"></i></button>`;
